h/k=1/8 supp1 [36, 100, 484] supp3 [4, 196, 324] e3-e1= -32  g1=zeta_128^t*g3, t= [120]  |g1|=16.000000
h/k=3/8 supp1 [4, 196, 324] supp3 [36, 100, 484] e3-e1= 32  g1=zeta_128^t*g3, t= [24]  |g1|=16.000000
h/k=5/8 supp1 [4, 196, 324] supp3 [36, 100, 484] e3-e1= 32  g1=zeta_128^t*g3, t= [40]  |g1|=16.000000
h/k=7/8 supp1 [36, 100, 484] supp3 [4, 196, 324] e3-e1= -32  g1=zeta_128^t*g3, t= [72]  |g1|=16.000000
h/k=1/16 supp1 [36, 100, 484, 676] supp3 [4, 196, 324, 900] e3-e1= -32  g1=zeta_256^t*g3, t= [248]  |g1|=22.627417
h/k=3/16 supp1 [4, 196, 324, 900] supp3 [36, 100, 484, 676] e3-e1= 32  g1=zeta_256^t*g3, t= [216]  |g1|=22.627417
h/k=5/16 supp1 [4, 196, 324, 900] supp3 [36, 100, 484, 676] e3-e1= 32  g1=zeta_256^t*g3, t= [232]  |g1|=22.627417
h/k=7/16 supp1 [36, 100, 484, 676] supp3 [4, 196, 324, 900] e3-e1= -32  g1=zeta_256^t*g3, t= [72]  |g1|=22.627417
h/k=9/16 supp1 [36, 100, 484, 676] supp3 [4, 196, 324, 900] e3-e1= -32  g1=zeta_256^t*g3, t= [56]  |g1|=22.627417
h/k=11/16 supp1 [4, 196, 324, 900] supp3 [36, 100, 484, 676] e3-e1= 32  g1=zeta_256^t*g3, t= [152]  |g1|=22.627417
h/k=13/16 supp1 [4, 196, 324, 900] supp3 [36, 100, 484, 676] e3-e1= 32  g1=zeta_256^t*g3, t= [168]  |g1|=22.627417
h/k=15/16 supp1 [36, 100, 484, 676] supp3 [4, 196, 324, 900] e3-e1= -32  g1=zeta_256^t*g3, t= [136]  |g1|=22.627417
--- correction ratios rho = ghat3(100)/ghat3(36), and ghat1(196)/ghat1(4)
3 8 a=3 gn = zeta^t g0 t= [16]  or -zeta^t:  [80]
3 8 a=1 gn = zeta^t g0 t= [48]  or -zeta^t:  [112]
5 8 a=3 gn = zeta^t g0 t= [112]  or -zeta^t:  [48]
5 8 a=1 gn = zeta^t g0 t= [80]  or -zeta^t:  [16]
3 16 a=3 gn = zeta^t g0 t= [208]  or -zeta^t:  [80]
3 16 a=1 gn = zeta^t g0 t= [112]  or -zeta^t:  [240]
5 16 a=3 gn = zeta^t g0 t= [176]  or -zeta^t:  [48]
5 16 a=1 gn = zeta^t g0 t= [16]  or -zeta^t:  [144]
11 16 a=3 gn = zeta^t g0 t= [80]  or -zeta^t:  [208]
11 16 a=1 gn = zeta^t g0 t= [240]  or -zeta^t:  [112]
13 16 a=3 gn = zeta^t g0 t= [48]  or -zeta^t:  [176]
13 16 a=1 gn = zeta^t g0 t= [144]  or -zeta^t:  [16]
